[landing.engotheme.com/html/jenstore/demo/homev1.html]
[backblue.gif]
[fade.gif]
[index.html]
[maxcdn.bootstrapcdn.com/bootstrap/3.3.7/css/bootstrap.min.css]
[landing.engotheme.com/html/jenstore/demo/img/favicon.png]
[landing.engotheme.com/html/jenstore/demo/css/style-homev1.css]
[landing.engotheme.com/html/jenstore/demo/css/style-res-v1.css]
[landing.engotheme.com/html/jenstore/demo/css/style-fix-nav.css]
[landing.engotheme.com/html/jenstore/demo/css/style-form-search-mobile.css]
[use.fontawesome.com/releases/v5.0.13/css/all.css]
[landing.engotheme.com/html/jenstore/demo/img/Search.png]
[landing.engotheme.com/html/jenstore/demo/homev2.html]
[landing.engotheme.com/html/jenstore/demo/homev3.html]
[landing.engotheme.com/html/jenstore/demo/shop-right-sidebar.html]
[landing.engotheme.com/html/jenstore/demo/shop-left-sidebar.html]
[landing.engotheme.com/html/jenstore/demo/shop-full-screen.html]
[landing.engotheme.com/html/jenstore/demo/shop-full-width.html]
[landing.engotheme.com/html/jenstore/demo/singel-detail.html]
[landing.engotheme.com/html/jenstore/demo/shopping-cart.html]
[landing.engotheme.com/html/jenstore/demo/checkout.html]
[landing.engotheme.com/html/jenstore/demo/order.html]
[landing.engotheme.com/html/jenstore/demo/FAQ.html]
[landing.engotheme.com/html/jenstore/demo/login_register.html]
[landing.engotheme.com/html/jenstore/demo/page404.html]
[landing.engotheme.com/html/jenstore/demo/tracking.html]
[landing.engotheme.com/html/jenstore/demo/wishlist.html]
[landing.engotheme.com/html/jenstore/demo/img/Shop-now-banner.png]
[landing.engotheme.com/html/jenstore/demo/about.html]
[landing.engotheme.com/html/jenstore/demo/blog.html]
[landing.engotheme.com/html/jenstore/demo/blog-left-sidebar.html]
[landing.engotheme.com/html/jenstore/demo/blog-no-sidebar.html]
[landing.engotheme.com/html/jenstore/demo/singel-post-left-sidebar.html]
[landing.engotheme.com/html/jenstore/demo/singel-post-right-sidebar.html]
[landing.engotheme.com/html/jenstore/demo/singel-post-no-sidebar.html]
[landing.engotheme.com/html/jenstore/demo/contact.html]
[landing.engotheme.com/html/jenstore/demo/img/logo.png]
[landing.engotheme.com/html/jenstore/demo/img/cart.png]
[landing.engotheme.com/html/jenstore/demo/img/collec-1.jpg]
[landing.engotheme.com/html/jenstore/demo/img/collec-2.jpg]
[landing.engotheme.com/html/jenstore/demo/img/collec-3.jpg]
[landing.engotheme.com/html/jenstore/demo/img/slider-1.png]
[landing.engotheme.com/html/jenstore/demo/img/Pattern.png]
[landing.engotheme.com/html/jenstore/demo/img/slider-2.png]
[landing.engotheme.com/html/jenstore/demo/img/who.png]
[landing.engotheme.com/html/jenstore/demo/img/avatar.jpg]
[landing.engotheme.com/html/jenstore/demo/img/collection.png]
[landing.engotheme.com/html/jenstore/demo/img/collec-4.jpg]
[landing.engotheme.com/html/jenstore/demo/img/wedding.png]
[landing.engotheme.com/html/jenstore/demo/img/wedding-1.jpg]
[landing.engotheme.com/html/jenstore/demo/img/wedding-2.jpg]
[landing.engotheme.com/html/jenstore/demo/img/wedding-3.jpg]
[landing.engotheme.com/html/jenstore/demo/img/wedding-4.jpg]
[landing.engotheme.com/html/jenstore/demo/img/holiday-1.jpg]
[landing.engotheme.com/html/jenstore/demo/img/holiday-2.jpg]
[landing.engotheme.com/html/jenstore/demo/img/holiday-3.jpg]
[landing.engotheme.com/html/jenstore/demo/img/holiday-4.jpg]
[landing.engotheme.com/html/jenstore/demo/img/holiday.png]
[landing.engotheme.com/html/jenstore/demo/img/counter.png]
[landing.engotheme.com/html/jenstore/demo/img/blog-1.jpg]
[landing.engotheme.com/html/jenstore/demo/img/blog-2.jpg]
[landing.engotheme.com/html/jenstore/demo/img/blog-3.jpg]
[landing.engotheme.com/html/jenstore/demo/img/queen.jpg]
[landing.engotheme.com/html/jenstore/demo/img/laven.jpg]
[landing.engotheme.com/cdn-cgi/scripts/5c5dd728/cloudflare-static/email-decode.min.js]
[landing.engotheme.com/html/jenstore/demo/js/jquery.min_af.js]
[landing.engotheme.com/html/jenstore/demo/js/bootstrap.min_0028.js]
[landing.engotheme.com/html/jenstore/demo/js/function-homev1.js]
[landing.engotheme.com/html/jenstore/demo/js/function-sidebar.js]
[landing.engotheme.com/html/jenstore/demo/js/function-back-top.js]
[landing.engotheme.com/html/jenstore/demo/js/function-select-custom.js]
[landing.engotheme.com/html/jenstore/demo/js/function-search-v2.js]
[landing.engotheme.com/html/jenstore/demo/scrolling/TweenMax.min.js]
[landing.engotheme.com/html/jenstore/demo/scrolling/jquery.superscrollorama.js]
[landing.engotheme.com/html/jenstore/demo/homev1.html]
[maxcdn.bootstrapcdn.com/bootstrap/3.3.7/css/bootstrap.min.css]
[landing.engotheme.com/html/jenstore/demo/js/function-scroll.js]
[landing.engotheme.com/html/jenstore/demo/css/img/BG-home1.jpg]
[landing.engotheme.com/html/jenstore/demo/css/img/brand.png]
[landing.engotheme.com/html/jenstore/demo/css/img/BG-footer.png]
[landing.engotheme.com/html/jenstore/demo/css/img/social.png]
[landing.engotheme.com/html/jenstore/demo/css/img/new-letter.jpg]
[landing.engotheme.com/html/jenstore/demo/css/img/logo.png]
[landing.engotheme.com/html/jenstore/demo/css/style-homev1.css]
[landing.engotheme.com/html/jenstore/demo/css/style-res-v1.css]
[landing.engotheme.com/html/jenstore/demo/css/style-fix-nav.css]
[landing.engotheme.com/html/jenstore/demo/css/style-form-search-mobile.css]
[use.fontawesome.com/releases/v5.0.13/css/all.css]
[landing.engotheme.com/html/jenstore/demo/css/style-homev2.css]
[landing.engotheme.com/html/jenstore/demo/img/popup-v2.jpg]
[landing.engotheme.com/html/jenstore/demo/img/img-slide-h21.png]
[landing.engotheme.com/html/jenstore/demo/img/img-slide-h22.jpg]
[landing.engotheme.com/html/jenstore/demo/img/img-slide-h23.jpg]
[landing.engotheme.com/html/jenstore/demo/img/Next.png]
[landing.engotheme.com/html/jenstore/demo/js/function-homev2.js]
[landing.engotheme.com/html/jenstore/demo/homev2.html]
[landing.engotheme.com/html/jenstore/demo/js/function-menu-v2.js]
[landing.engotheme.com/html/jenstore/demo/css/style-homev3.css]
[landing.engotheme.com/html/jenstore/demo/css/style-res-v3.css]
[landing.engotheme.com/html/jenstore/demo/slick/slick.css]
[landing.engotheme.com/html/jenstore/demo/slick/slick-theme.css]
[landing.engotheme.com/html/jenstore/demo/img/homev3-slider1.jpg]
[landing.engotheme.com/html/jenstore/demo/img/homev3-slider2.jpg]
[landing.engotheme.com/html/jenstore/demo/img/homev3-show-image1.jpg]
[landing.engotheme.com/html/jenstore/demo/img/homev3-show-image2.jpg]
[landing.engotheme.com/html/jenstore/demo/img/homev3-show-image3.jpg]
[landing.engotheme.com/html/jenstore/demo/img/homev3-show-image4.jpg]
[landing.engotheme.com/html/jenstore/demo/img/cate-1.jpg]
[landing.engotheme.com/html/jenstore/demo/img/avatar-feedback.png]
[landing.engotheme.com/html/jenstore/demo/img/img-link-insta1.jpg]
[landing.engotheme.com/html/jenstore/demo/img/img-link-insta2.jpg]
[landing.engotheme.com/html/jenstore/demo/img/img-link-insta3.jpg]
[landing.engotheme.com/html/jenstore/demo/img/img-link-insta4.jpg]
[landing.engotheme.com/html/jenstore/demo/img/img-link-insta5.jpg]
[landing.engotheme.com/html/jenstore/demo/img/img-link-insta6.jpg]
[landing.engotheme.com/html/jenstore/demo/img/Send.png]
[landing.engotheme.com/html/jenstore/demo/slick/slick.js]
[landing.engotheme.com/html/jenstore/demo/js/function-time-counter.js]
[landing.engotheme.com/html/jenstore/demo/js/function-slick.js]
[landing.engotheme.com/html/jenstore/demo/js/function-input-number.js]
[landing.engotheme.com/html/jenstore/demo/js/function-flower.js]
[landing.engotheme.com/html/jenstore/demo/homev3.html]
[landing.engotheme.com/html/jenstore/demo/js/funtion-header-v3.js]
[code.jquery.com/ui/1.10.4/themes/ui-lightness/jquery-ui.css]
[landing.engotheme.com/html/jenstore/demo/css/style-flower.css]
[landing.engotheme.com/html/jenstore/demo/css/style-res-flower.css]
[landing.engotheme.com/html/jenstore/demo/img/banner-shop.jpg]
[landing.engotheme.com/html/jenstore/demo/flower.html]
[landing.engotheme.com/html/jenstore/demo/product-detail.html]
[landing.engotheme.com/html/jenstore/demo/js/jquery-1.10.2.710.js]
[landing.engotheme.com/html/jenstore/demo/js/function-show-sidebar.js]
[landing.engotheme.com/html/jenstore/demo/js/function-shop.js]
[landing.engotheme.com/html/jenstore/demo/shop-right-sidebar.html]
[landing.engotheme.com/html/jenstore/demo/shop-left-sidebar.html]
[landing.engotheme.com/html/jenstore/demo/js/function-range.js]
[landing.engotheme.com/html/jenstore/demo/js/jquery-ui_c2.js]
[landing.engotheme.com/html/jenstore/demo/shop-full-screen.html]
[landing.engotheme.com/html/jenstore/demo/shop-full-width.html]
[landing.engotheme.com/html/jenstore/demo/css/style-full-screen.css]
[landing.engotheme.com/html/jenstore/demo/css/style-product-detail.css]
[landing.engotheme.com/html/jenstore/demo/singel-detail.html]
[landing.engotheme.com/html/jenstore/demo/css/style-res-product-detail.css]
[landing.engotheme.com/html/jenstore/demo/css/style-res-about.css]
[landing.engotheme.com/html/jenstore/demo/css/style-faq.css]
[landing.engotheme.com/html/jenstore/demo/css/style-shopping.css]
[landing.engotheme.com/html/jenstore/demo/css/style-about.css]
[landing.engotheme.com/html/jenstore/demo/img/banner-about.jpg]
[landing.engotheme.com/html/jenstore/demo/img/icon-delete-cart.png]
[landing.engotheme.com/html/jenstore/demo/shopping-cart.html]
[landing.engotheme.com/html/jenstore/demo/js/function-shopping-cart.js]
[landing.engotheme.com/html/jenstore/demo/css/style-checkout.css]
[landing.engotheme.com/html/jenstore/demo/checkout.html]
[landing.engotheme.com/html/jenstore/demo/js/function-store.js]
[landing.engotheme.com/html/jenstore/demo/css/style-order.css]
[landing.engotheme.com/html/jenstore/demo/img/icon-order-complete.png]
[landing.engotheme.com/html/jenstore/demo/order.html]
[landing.engotheme.com/html/jenstore/demo/FAQ.html]
[landing.engotheme.com/html/jenstore/demo/login_register.html]
[landing.engotheme.com/html/jenstore/demo/css/style-login.css]
[landing.engotheme.com/html/jenstore/demo/css/style-404.css]
[landing.engotheme.com/html/jenstore/demo/img/icon-page404.png]
[landing.engotheme.com/html/jenstore/demo/page404.html]
[landing.engotheme.com/html/jenstore/demo/tracking.html]
[landing.engotheme.com/html/jenstore/demo/wishlist.html]
[landing.engotheme.com/html/jenstore/demo/css/style-tracking.css]
[landing.engotheme.com/html/jenstore/demo/img/img-about.jpg]
[landing.engotheme.com/html/jenstore/demo/img/img-about-team1.jpg]
[landing.engotheme.com/html/jenstore/demo/img/img-about-team2.jpg]
[landing.engotheme.com/html/jenstore/demo/img/img-about-team3.jpg]
[landing.engotheme.com/html/jenstore/demo/img/img-about-team4.jpg]
[landing.engotheme.com/html/jenstore/demo/img/avatar-about.png]
[landing.engotheme.com/html/jenstore/demo/img/like-about.png]
[landing.engotheme.com/html/jenstore/demo/img/log-about.png]
[landing.engotheme.com/html/jenstore/demo/img/time-about.png]
[landing.engotheme.com/html/jenstore/demo/about.html]
[landing.engotheme.com/html/jenstore/demo/css/style-shop.css]
[landing.engotheme.com/html/jenstore/demo/css/style-res-shop.css]
[landing.engotheme.com/html/jenstore/demo/blog-post.html]
[landing.engotheme.com/html/jenstore/demo/img/blog-4.jpg]
[landing.engotheme.com/html/jenstore/demo/blog.html]
[landing.engotheme.com/html/jenstore/demo/blog-left-sidebar.html]
[landing.engotheme.com/html/jenstore/demo/blog-no-sidebar.html]
[landing.engotheme.com/html/jenstore/demo/css/style-left-blog.css]
[landing.engotheme.com/html/jenstore/demo/css/style-post.css]
[landing.engotheme.com/html/jenstore/demo/css/style-res-post.css]
[landing.engotheme.com/html/jenstore/demo/img/blog-post.png]
[landing.engotheme.com/html/jenstore/demo/img/avatar-cmt.jpg]
[landing.engotheme.com/html/jenstore/demo/singel-post-left-sidebar.html]
[landing.engotheme.com/html/jenstore/demo/singel-post-right-sidebar.html]
[landing.engotheme.com/html/jenstore/demo/singel-post-no-sidebar.html]
[landing.engotheme.com/html/jenstore/demo/css/style-contact.css]
[landing.engotheme.com/html/jenstore/demo/css/style-res-contact.css]
[landing.engotheme.com/html/jenstore/demo/img/Our-Address.png]
[landing.engotheme.com/html/jenstore/demo/img/Phone-Number.png]
[landing.engotheme.com/html/jenstore/demo/img/Email-Address.png]
[landing.engotheme.com/html/jenstore/demo/img/img-contact.jpg]
[landing.engotheme.com/html/jenstore/demo/contact.html]
[landing.engotheme.com/html/jenstore/demo/js/function-map.js]
[landing.engotheme.com/html/jenstore/demo/css/img/BG-title.jpg]
[landing.engotheme.com/html/jenstore/demo/css/img/BG-v2.jpg]
[landing.engotheme.com/html/jenstore/demo/css/img/BG-slide1-v2.png]
[landing.engotheme.com/html/jenstore/demo/css/img/BG-slide2-v2.png]
[landing.engotheme.com/html/jenstore/demo/css/img/BG-slide3-v2.png]
[landing.engotheme.com/html/jenstore/demo/css/style-homev2.css]
[landing.engotheme.com/html/jenstore/demo/css/img/BG-title-v3.jpg]
[landing.engotheme.com/html/jenstore/demo/css/img/Next.png]
[landing.engotheme.com/html/jenstore/demo/css/img/social-v3.png]
[landing.engotheme.com/html/jenstore/demo/css/style-homev3.css]
[landing.engotheme.com/html/jenstore/demo/css/style-res-v3.css]
[landing.engotheme.com/html/jenstore/demo/slick/slick.css]
[landing.engotheme.com/html/jenstore/demo/slick/ajax-loader.gif]
[landing.engotheme.com/html/jenstore/demo/slick/fonts/slick.eot]
[landing.engotheme.com/html/jenstore/demo/slick/fonts/slickd41d.eot]
[landing.engotheme.com/html/jenstore/demo/slick/fonts/slick.woff]
[landing.engotheme.com/html/jenstore/demo/slick/fonts/slick.ttf]
[landing.engotheme.com/html/jenstore/demo/slick/slick-theme.css]
[landing.engotheme.com/html/jenstore/demo/slick/fonts/slick.svg]
[code.jquery.com/ui/1.10.4/themes/ui-lightness/images/animated-overlay.gif]
[code.jquery.com/ui/1.10.4/themes/ui-lightness/images/ui-bg_highlight-soft_100_eeeeee_1x100.png]
[code.jquery.com/ui/1.10.4/themes/ui-lightness/images/ui-bg_gloss-wave_35_f6a828_500x100.png]
[code.jquery.com/ui/1.10.4/themes/ui-lightness/images/ui-bg_glass_100_f6f6f6_1x400.png]
[code.jquery.com/ui/1.10.4/themes/ui-lightness/images/ui-bg_glass_100_fdf5ce_1x400.png]
[code.jquery.com/ui/1.10.4/themes/ui-lightness/images/ui-bg_glass_65_ffffff_1x400.png]
[code.jquery.com/ui/1.10.4/themes/ui-lightness/images/ui-bg_highlight-soft_75_ffe45c_1x100.png]
[code.jquery.com/ui/1.10.4/themes/ui-lightness/images/ui-bg_diagonals-thick_18_b81900_40x40.png]
[code.jquery.com/ui/1.10.4/themes/ui-lightness/images/ui-icons_222222_256x240.png]
[code.jquery.com/ui/1.10.4/themes/ui-lightness/images/ui-icons_ffffff_256x240.png]
[code.jquery.com/ui/1.10.4/themes/ui-lightness/images/ui-icons_ef8c08_256x240.png]
[code.jquery.com/ui/1.10.4/themes/ui-lightness/images/ui-icons_228ef1_256x240.png]
[code.jquery.com/ui/1.10.4/themes/ui-lightness/images/ui-icons_ffd27a_256x240.png]
[code.jquery.com/ui/1.10.4/themes/ui-lightness/images/ui-bg_diagonals-thick_20_666666_40x40.png]
[code.jquery.com/ui/1.10.4/themes/ui-lightness/images/ui-bg_flat_10_000000_40x100.png]
[code.jquery.com/ui/1.10.4/themes/ui-lightness/jquery-ui.css]
[landing.engotheme.com/html/jenstore/demo/css/style-flower.css]
[landing.engotheme.com/html/jenstore/demo/css/style-res-flower.css]
[landing.engotheme.com/html/jenstore/demo/flower.html]
[landing.engotheme.com/html/jenstore/demo/product-detail.html]
[landing.engotheme.com/html/jenstore/demo/css/style-full-screen.css]
[landing.engotheme.com/html/jenstore/demo/css/img/like-fb.png]
[landing.engotheme.com/html/jenstore/demo/css/style-product-detail.css]
[landing.engotheme.com/html/jenstore/demo/css/style-res-product-detail.css]
[landing.engotheme.com/html/jenstore/demo/css/img/BG-acc.png]
[landing.engotheme.com/html/jenstore/demo/css/style-about.css]
[landing.engotheme.com/html/jenstore/demo/css/style-res-about.css]
[landing.engotheme.com/html/jenstore/demo/css/style-faq.css]
[landing.engotheme.com/html/jenstore/demo/css/style-shopping.css]
[landing.engotheme.com/html/jenstore/demo/css/style-checkout.css]
[landing.engotheme.com/html/jenstore/demo/css/style-order.css]
[landing.engotheme.com/html/jenstore/demo/css/style-login.css]
[landing.engotheme.com/html/jenstore/demo/css/style-404.css]
[landing.engotheme.com/html/jenstore/demo/css/style-tracking.css]
[landing.engotheme.com/html/jenstore/demo/css/style-shop.css]
[landing.engotheme.com/html/jenstore/demo/css/style-res-shop.css]
[landing.engotheme.com/html/jenstore/demo/blog-post.html]
[landing.engotheme.com/html/jenstore/demo/css/style-left-blog.css]
[landing.engotheme.com/html/jenstore/demo/css/style-post.css]
[landing.engotheme.com/html/jenstore/demo/css/style-res-post.css]
[landing.engotheme.com/html/jenstore/demo/css/style-contact.css]
[landing.engotheme.com/html/jenstore/demo/css/style-res-contact.css]
[landing.engotheme.com/html/jenstore/demo/slick/fonts/slick.svg]
